// Jest Snapshot v1, https://jestjs.io/docs/snapshot-testing

exports[`DayPicker matches snapshot 1`] = `
<div>
  <div
    class="MuiBox-root css-1u8qly9"
    data-testid="DayPicker"
  >
    <div
      class="MuiStack-root css-18ahtx1-MuiStack-root"
    >
      <button
        class="MuiButtonBase-root MuiButton-root MuiButton-text MuiButton-textPrimary MuiButton-sizeMedium MuiButton-textSizeMedium MuiButton-colorPrimary MuiButton-root MuiButton-text MuiButton-textPrimary MuiButton-sizeMedium MuiButton-textSizeMedium MuiButton-colorPrimary css-1uent87-MuiButtonBase-root-MuiButton-root"
        tabindex="0"
        type="button"
      >
        &lt;
      </button>
      <p
        class="MuiTypography-root MuiTypography-body1 css-6bu5br-MuiTypography-root"
      >
        Tue, Feb 20, 2024
      </p>
      <button
        class="MuiButtonBase-root MuiButton-root MuiButton-text MuiButton-textPrimary MuiButton-sizeMedium MuiButton-textSizeMedium MuiButton-colorPrimary MuiButton-root MuiButton-text MuiButton-textPrimary MuiButton-sizeMedium MuiButton-textSizeMedium MuiButton-colorPrimary css-1uent87-MuiButtonBase-root-MuiButton-root"
        tabindex="0"
        type="button"
      >
        &gt;
      </button>
    </div>
  </div>
</div>
`;
