// Jest Snapshot v1, https://jestjs.io/docs/snapshot-testing

exports[`LogAte 1`] = `
<div
  class="MuiBox-root css-1u8qly9"
  data-testid="LogAte"
>
  <div
    class="MuiStack-root css-gmwslw-MuiStack-root"
  >
    <div
      class="MuiFormControl-root MuiTextField-root css-1xp5r68-MuiFormControl-root-MuiTextField-root"
    >
      <label
        class="MuiFormLabel-root MuiInputLabel-root MuiInputLabel-formControl MuiInputLabel-animated MuiInputLabel-outlined MuiFormLabel-colorPrimary MuiInputLabel-root MuiInputLabel-formControl MuiInputLabel-animated MuiInputLabel-outlined css-19qnlrw-MuiFormLabel-root-MuiInputLabel-root"
        data-shrink="false"
        for="_r_0_"
        id="_r_0_-label"
      >
        Amount
      </label>
      <div
        class="MuiInputBase-root MuiOutlinedInput-root MuiInputBase-colorPrimary MuiInputBase-formControl MuiInputBase-adornedEnd css-jupps9-MuiInputBase-root-MuiOutlinedInput-root"
      >
        <input
          aria-invalid="false"
          class="MuiInputBase-input MuiOutlinedInput-input MuiInputBase-inputAdornedEnd css-1dune0f-MuiInputBase-input-MuiOutlinedInput-input"
          id="_r_0_"
          type="text"
        />
        <div
          class="MuiInputAdornment-root MuiInputAdornment-positionEnd MuiInputAdornment-outlined MuiInputAdornment-sizeMedium css-elo8k2-MuiInputAdornment-root"
        >
          <p
            class="MuiTypography-root MuiTypography-body1 css-1ro85z9-MuiTypography-root"
          >
            oz
          </p>
        </div>
        <fieldset
          aria-hidden="true"
          class="MuiOutlinedInput-notchedOutline css-18p5xg2-MuiNotchedOutlined-root-MuiOutlinedInput-notchedOutline"
        >
          <legend
            class="css-1n64csd-MuiNotchedOutlined-root"
          >
            <span>
              Amount
            </span>
          </legend>
        </fieldset>
      </div>
    </div>
  </div>
</div>
`;
