// Jest Snapshot v1, https://jestjs.io/docs/snapshot-testing

exports[`Submit 1`] = `
<div
  class="MuiBox-root css-1u8qly9"
  data-testid="Submit"
>
  <button
    class="MuiButtonBase-root MuiButton-root MuiButton-contained MuiButton-containedPrimary MuiButton-sizeMedium MuiButton-containedSizeMedium MuiButton-colorPrimary MuiButton-root MuiButton-contained MuiButton-containedPrimary MuiButton-sizeMedium MuiButton-containedSizeMedium MuiButton-colorPrimary css-1mfwq6l-MuiButtonBase-root-MuiButton-root"
    tabindex="0"
    type="button"
  >
    Submit
  </button>
</div>
`;
